Archive member included to satisfy reference by file (symbol)

/home/faoziaziz/cubeide/plugins/com.st.stm32cube.ide.mcu.externaltools.gnu-tools-for-stm32.7-2018-q2-update.linux64_1.0.0.201904181610/tools/bin/../lib/gcc/arm-none-eabi/7.3.1/../../../../arm-none-eabi/lib/thumb/v6-m/libc_nano.a(lib_a-errno.o)
                              Src/syscalls.o (__errno)
/home/faoziaziz/cubeide/plugins/com.st.stm32cube.ide.mcu.externaltools.gnu-tools-for-stm32.7-2018-q2-update.linux64_1.0.0.201904181610/tools/bin/../lib/gcc/arm-none-eabi/7.3.1/../../../../arm-none-eabi/lib/thumb/v6-m/libc_nano.a(lib_a-exit.o)
                              /home/faoziaziz/cubeide/plugins/com.st.stm32cube.ide.mcu.externaltools.gnu-tools-for-stm32.7-2018-q2-update.linux64_1.0.0.201904181610/tools/bin/../lib/gcc/arm-none-eabi/7.3.1/../../../../arm-none-eabi/lib/thumb/v6-m/crt0.o (exit)
/home/faoziaziz/cubeide/plugins/com.st.stm32cube.ide.mcu.externaltools.gnu-tools-for-stm32.7-2018-q2-update.linux64_1.0.0.201904181610/tools/bin/../lib/gcc/arm-none-eabi/7.3.1/../../../../arm-none-eabi/lib/thumb/v6-m/libc_nano.a(lib_a-impure.o)
                              /home/faoziaziz/cubeide/plugins/com.st.stm32cube.ide.mcu.externaltools.gnu-tools-for-stm32.7-2018-q2-update.linux64_1.0.0.201904181610/tools/bin/../lib/gcc/arm-none-eabi/7.3.1/../../../../arm-none-eabi/lib/thumb/v6-m/libc_nano.a(lib_a-exit.o) (_global_impure_ptr)
/home/faoziaziz/cubeide/plugins/com.st.stm32cube.ide.mcu.externaltools.gnu-tools-for-stm32.7-2018-q2-update.linux64_1.0.0.201904181610/tools/bin/../lib/gcc/arm-none-eabi/7.3.1/../../../../arm-none-eabi/lib/thumb/v6-m/libc_nano.a(lib_a-init.o)
                              /home/faoziaziz/cubeide/plugins/com.st.stm32cube.ide.mcu.externaltools.gnu-tools-for-stm32.7-2018-q2-update.linux64_1.0.0.201904181610/tools/bin/../lib/gcc/arm-none-eabi/7.3.1/../../../../arm-none-eabi/lib/thumb/v6-m/crt0.o (__libc_init_array)
/home/faoziaziz/cubeide/plugins/com.st.stm32cube.ide.mcu.externaltools.gnu-tools-for-stm32.7-2018-q2-update.linux64_1.0.0.201904181610/tools/bin/../lib/gcc/arm-none-eabi/7.3.1/../../../../arm-none-eabi/lib/thumb/v6-m/libc_nano.a(lib_a-memcpy-stub.o)
                              Middlewares/Third_Party/FreeRTOS/Source/queue.o (memcpy)
/home/faoziaziz/cubeide/plugins/com.st.stm32cube.ide.mcu.externaltools.gnu-tools-for-stm32.7-2018-q2-update.linux64_1.0.0.201904181610/tools/bin/../lib/gcc/arm-none-eabi/7.3.1/../../../../arm-none-eabi/lib/thumb/v6-m/libc_nano.a(lib_a-memset.o)
                              /home/faoziaziz/cubeide/plugins/com.st.stm32cube.ide.mcu.externaltools.gnu-tools-for-stm32.7-2018-q2-update.linux64_1.0.0.201904181610/tools/bin/../lib/gcc/arm-none-eabi/7.3.1/../../../../arm-none-eabi/lib/thumb/v6-m/crt0.o (memset)
/home/faoziaziz/cubeide/plugins/com.st.stm32cube.ide.mcu.externaltools.gnu-tools-for-stm32.7-2018-q2-update.linux64_1.0.0.201904181610/tools/bin/../lib/gcc/arm-none-eabi/7.3.1/thumb/v6-m/libgcc.a(_udivsi3.o)
                              Drivers/STM32F0xx_HAL_Driver/Src/stm32f0xx_hal.o (__aeabi_uidiv)
/home/faoziaziz/cubeide/plugins/com.st.stm32cube.ide.mcu.externaltools.gnu-tools-for-stm32.7-2018-q2-update.linux64_1.0.0.201904181610/tools/bin/../lib/gcc/arm-none-eabi/7.3.1/thumb/v6-m/libgcc.a(_dvmd_tls.o)
                              /home/faoziaziz/cubeide/plugins/com.st.stm32cube.ide.mcu.externaltools.gnu-tools-for-stm32.7-2018-q2-update.linux64_1.0.0.201904181610/tools/bin/../lib/gcc/arm-none-eabi/7.3.1/thumb/v6-m/libgcc.a(_udivsi3.o) (__aeabi_idiv0)

Allocating common symbols
Common symbol       size              file

defaultTaskHandle   0x4               APP/OS/NTS_OS_TOP.o
uwTick              0x4               Drivers/STM32F0xx_HAL_Driver/Src/stm32f0xx_hal.o
xQueueRegistry      0x40              Middlewares/Third_Party/FreeRTOS/Source/queue.o
pFlash              0x20              Drivers/STM32F0xx_HAL_Driver/Src/stm32f0xx_hal_flash.o
huart1              0x70              APP/Board/BoardInit.o
huart4              0x70              APP/Board/BoardInit.o
hspi1               0x64              APP/Board/BoardInit.o

Discarded input sections

 .text          0x0000000000000000        0x0 /home/faoziaziz/cubeide/plugins/com.st.stm32cube.ide.mcu.externaltools.gnu-tools-for-stm32.7-2018-q2-update.linux64_1.0.0.201904181610/tools/bin/../lib/gcc/arm-none-eabi/7.3.1/thumb/v6-m/crti.o
 .data          0x0000000000000000        0x0 /home/faoziaziz/cubeide/plugins/com.st.stm32cube.ide.mcu.externaltools.gnu-tools-for-stm32.7-2018-q2-update.linux64_1.0.0.201904181610/tools/bin/../lib/gcc/arm-none-eabi/7.3.1/thumb/v6-m/crti.o
 .bss           0x0000000000000000        0x0 /home/faoziaziz/cubeide/plugins/com.st.stm32cube.ide.mcu.externaltools.gnu-tools-for-stm32.7-2018-q2-update.linux64_1.0.0.201904181610/tools/bin/../lib/gcc/arm-none-eabi/7.3.1/thumb/v6-m/crti.o
[...]
Memory Configuration

Name             Origin             Length             Attributes
RAM              0x0000000020000000 0x0000000000008000 xrw
FLASH            0x0000000008000000 0x0000000000040000 xr
*default*        0x0000000000000000 0xffffffffffffffff

Linker script and memory map

LOAD /home/faoziaziz/cubeide/plugins/com.st.stm32cube.ide.mcu.externaltools.gnu-tools-for-stm32.7-2018-q2-update.linux64_1.0.0.201904181610/tools/bin/../lib/gcc/arm-none-eabi/7.3.1/thumb/v6-m/crti.o
LOAD /home/faoziaziz/cubeide/plugins/com.st.stm32cube.ide.mcu.externaltools.gnu-tools-for-stm32.7-2018-q2-update.linux64_1.0.0.201904181610/tools/bin/../lib/gcc/arm-none-eabi/7.3.1/thumb/v6-m/crtbegin.o
LOAD /home/faoziaziz/cubeide/plugins/com.st.stm32cube.ide.mcu.externaltools.gnu-tools-for-stm32.7-2018-q2-update.linux64_1.0.0.201904181610/tools/bin/../lib/gcc/arm-none-eabi/7.3.1/../../../../arm-none-eabi/lib/thumb/v6-m/crt0.o
LOAD APP/Adv/Adv.o
LOAD APP/Board/BoardInit.o
LOAD APP/OS/NTS_OS_TOP.o
LOAD Drivers/STM32F0xx_HAL_Driver/Src/stm32f0xx_hal.o
LOAD Drivers/STM32F0xx_HAL_Driver/Src/stm32f0xx_hal_cortex.o
LOAD Drivers/STM32F0xx_HAL_Driver/Src/stm32f0xx_hal_dma.o
LOAD Drivers/STM32F0xx_HAL_Driver/Src/stm32f0xx_hal_flash.o
LOAD Drivers/STM32F0xx_HAL_Driver/Src/stm32f0xx_hal_flash_ex.o
LOAD Drivers/STM32F0xx_HAL_Driver/Src/stm32f0xx_hal_gpio.o
LOAD Drivers/STM32F0xx_HAL_Driver/Src/stm32f0xx_hal_i2c.o
LOAD Drivers/STM32F0xx_HAL_Driver/Src/stm32f0xx_hal_i2c_ex.o
LOAD Drivers/STM32F0xx_HAL_Driver/Src/stm32f0xx_hal_pwr.o
LOAD Drivers/STM32F0xx_HAL_Driver/Src/stm32f0xx_hal_pwr_ex.o
LOAD Drivers/STM32F0xx_HAL_Driver/Src/stm32f0xx_hal_rcc.o
LOAD Drivers/STM32F0xx_HAL_Driver/Src/stm32f0xx_hal_rcc_ex.o
LOAD Drivers/STM32F0xx_HAL_Driver/Src/stm32f0xx_hal_spi.o
LOAD Drivers/STM32F0xx_HAL_Driver/Src/stm32f0xx_hal_spi_ex.o
LOAD Drivers/STM32F0xx_HAL_Driver/Src/stm32f0xx_hal_tim.o
LOAD Drivers/STM32F0xx_HAL_Driver/Src/stm32f0xx_hal_tim_ex.o
LOAD Drivers/STM32F0xx_HAL_Driver/Src/stm32f0xx_hal_uart.o
LOAD Drivers/STM32F0xx_HAL_Driver/Src/stm32f0xx_hal_uart_ex.o
LOAD Middlewares/Third_Party/FreeRTOS/Source/CMSIS_RTOS/cmsis_os.o
LOAD Middlewares/Third_Party/FreeRTOS/Source/croutine.o
LOAD Middlewares/Third_Party/FreeRTOS/Source/event_groups.o
LOAD Middlewares/Third_Party/FreeRTOS/Source/list.o
LOAD Middlewares/Third_Party/FreeRTOS/Source/queue.o
LOAD Middlewares/Third_Party/FreeRTOS/Source/tasks.o
LOAD Middlewares/Third_Party/FreeRTOS/Source/timers.o
LOAD Middlewares/Third_Party/FreeRTOS/Source/portable/GCC/ARM_CM0/port.o
LOAD Middlewares/Third_Party/FreeRTOS/Source/portable/MemMang/heap_4.o
LOAD Src/main.o
LOAD Src/stm32f0xx_hal_msp.o
LOAD Src/stm32f0xx_it.o
LOAD Src/syscalls.o
LOAD Src/sysmem.o
LOAD Src/system_stm32f0xx.o
LOAD Startup/startup_stm32f030rctx.o
START GROUP
LOAD /home/faoziaziz/cubeide/plugins/com.st.stm32cube.ide.mcu.externaltools.gnu-tools-for-stm32.7-2018-q2-update.linux64_1.0.0.201904181610/tools/bin/../lib/gcc/arm-none-eabi/7.3.1/../../../../arm-none-eabi/lib/thumb/v6-m/libc_nano.a
LOAD /home/faoziaziz/cubeide/plugins/com.st.stm32cube.ide.mcu.externaltools.gnu-tools-for-stm32.7-2018-q2-update.linux64_1.0.0.201904181610/tools/bin/../lib/gcc/arm-none-eabi/7.3.1/../../../../arm-none-eabi/lib/thumb/v6-m/libm.a
END GROUP
START GROUP
LOAD /home/faoziaziz/cubeide/plugins/com.st.stm32cube.ide.mcu.externaltools.gnu-tools-for-stm32.7-2018-q2-update.linux64_1.0.0.201904181610/tools/bin/../lib/gcc/arm-none-eabi/7.3.1/thumb/v6-m/libgcc.a
LOAD /home/faoziaziz/cubeide/plugins/com.st.stm32cube.ide.mcu.externaltools.gnu-tools-for-stm32.7-2018-q2-update.linux64_1.0.0.201904181610/tools/bin/../lib/gcc/arm-none-eabi/7.3.1/../../../../arm-none-eabi/lib/thumb/v6-m/libc_nano.a
END GROUP
START GROUP
LOAD /home/faoziaziz/cubeide/plugins/com.st.stm32cube.ide.mcu.externaltools.gnu-tools-for-stm32.7-2018-q2-update.linux64_1.0.0.201904181610/tools/bin/../lib/gcc/arm-none-eabi/7.3.1/thumb/v6-m/libgcc.a
LOAD /home/faoziaziz/cubeide/plugins/com.st.stm32cube.ide.mcu.externaltools.gnu-tools-for-stm32.7-2018-q2-update.linux64_1.0.0.201904181610/tools/bin/../lib/gcc/arm-none-eabi/7.3.1/../../../../arm-none-eabi/lib/thumb/v6-m/libc_nano.a
LOAD /home/faoziaziz/cubeide/plugins/com.st.stm32cube.ide.mcu.externaltools.gnu-tools-for-stm32.7-2018-q2-update.linux64_1.0.0.201904181610/tools/bin/../lib/gcc/arm-none-eabi/7.3.1/../../../../arm-none-eabi/lib/thumb/v6-m/libnosys.a
END GROUP
START GROUP
LOAD /home/faoziaziz/cubeide/plugins/com.st.stm32cube.ide.mcu.externaltools.gnu-tools-for-stm32.7-2018-q2-update.linux64_1.0.0.201904181610/tools/bin/../lib/gcc/arm-none-eabi/7.3.1/thumb/v6-m/libgcc.a
LOAD /home/faoziaziz/cubeide/plugins/com.st.stm32cube.ide.mcu.externaltools.gnu-tools-for-stm32.7-2018-q2-update.linux64_1.0.0.201904181610/tools/bin/../lib/gcc/arm-none-eabi/7.3.1/../../../../arm-none-eabi/lib/thumb/v6-m/libc_nano.a
LOAD /home/faoziaziz/cubeide/plugins/com.st.stm32cube.ide.mcu.externaltools.gnu-tools-for-stm32.7-2018-q2-update.linux64_1.0.0.201904181610/tools/bin/../lib/gcc/arm-none-eabi/7.3.1/../../../../arm-none-eabi/lib/thumb/v6-m/libnosys.a
END GROUP
LOAD /home/faoziaziz/cubeide/plugins/com.st.stm32cube.ide.mcu.externaltools.gnu-tools-for-stm32.7-2018-q2-update.linux64_1.0.0.201904181610/tools/bin/../lib/gcc/arm-none-eabi/7.3.1/thumb/v6-m/crtend.o
LOAD /home/faoziaziz/cubeide/plugins/com.st.stm32cube.ide.mcu.externaltools.gnu-tools-for-stm32.7-2018-q2-update.linux64_1.0.0.201904181610/tools/bin/../lib/gcc/arm-none-eabi/7.3.1/thumb/v6-m/crtn.o
                0x0000000020008000                _estack = 0x20008000
                0x0000000000000200                _Min_Heap_Size = 0x200
                0x0000000000000400                _Min_Stack_Size = 0x400

.isr_vector     0x0000000008000000       0xbc
                0x0000000008000000                . = ALIGN (0x4)
 *(.isr_vector)
 .isr_vector    0x0000000008000000       0xbc Startup/startup_stm32f030rctx.o
                0x0000000008000000                g_pfnVectors
                0x00000000080000bc                . = ALIGN (0x4)

.text           0x00000000080000c0     0x2e34
                0x00000000080000c0                . = ALIGN (0x4)
 *(.text)
 .text          0x00000000080000c0       0x48 /home/faoziaziz/cubeide/plugins/com.st.stm32cube.ide.mcu.externaltools.gnu-tools-for-stm32.7-2018-q2-update.linux64_1.0.0.201904181610/tools/bin/../lib/gcc/arm-none-eabi/7.3.1/thumb/v6-m/crtbegin.o
 .text          0x0000000008000108      0x114 /home/faoziaziz/cubeide/plugins/com.st.stm32cube.ide.mcu.externaltools.gnu-tools-for-stm32.7-2018-q2-update.linux64_1.0.0.201904181610/tools/bin/../lib/gcc/arm-none-eabi/7.3.1/thumb/v6-m/libgcc.a(_udivsi3.o)
                0x0000000008000108                __udivsi3
                0x0000000008000108                __aeabi_uidiv
                0x0000000008000214                __aeabi_uidivmod
 .text          0x000000000800021c        0x4 /home/faoziaziz/cubeide/plugins/com.st.stm32cube.ide.mcu.externaltools.gnu-tools-for-stm32.7-2018-q2-update.linux64_1.0.0.201904181610/tools/bin/../lib/gcc/arm-none-eabi/7.3.1/thumb/v6-m/libgcc.a(_dvmd_tls.o)
                0x000000000800021c                __aeabi_ldiv0
                0x000000000800021c                __aeabi_idiv0
 *(.text*)
 .text.SystemClock_Config
                0x0000000008000220       0xc4 APP/Board/BoardInit.o
                0x0000000008000220                SystemClock_Config
 .text.MX_SPI1_Init
                0x00000000080002e4       0x7c APP/Board/BoardInit.o
                0x00000000080002e4                MX_SPI1_Init
 .text.MX_USART1_UART_Init
                0x0000000008000360       0x60 APP/Board/BoardInit.o
                0x0000000008000360                MX_USART1_UART_Init
 .text.MX_USART4_UART_Init
                0x00000000080003c0       0x60 APP/Board/BoardInit.o
                0x00000000080003c0                MX_USART4_UART_Init
 .text.MX_GPIO_Init
                0x0000000008000420       0x70 APP/Board/BoardInit.o
                0x0000000008000420                MX_GPIO_Init
 .text.StartDefaultTask
                0x0000000008000490       0x10 APP/OS/NTS_OS_TOP.o
                0x0000000008000490                StartDefaultTask
 .text.HAL_Init
                0x00000000080004a0       0x28 Drivers/STM32F0xx_HAL_Driver/Src/stm32f0xx_hal.o
                0x00000000080004a0                HAL_Init
 .text.HAL_InitTick
                0x00000000080004c8       0x38 Drivers/STM32F0xx_HAL_Driver/Src/stm32f0xx_hal.o
                0x00000000080004c8                HAL_InitTick
 .text.HAL_IncTick
                0x0000000008000500       0x18 Drivers/STM32F0xx_HAL_Driver/Src/stm32f0xx_hal.o
                0x0000000008000500                HAL_IncTick
 .text.HAL_GetTick
                0x0000000008000518       0x14 Drivers/STM32F0xx_HAL_Driver/Src/stm32f0xx_hal.o
                0x0000000008000518                HAL_GetTick
 .text.NVIC_SetPriority
                0x000000000800052c       0xdc Drivers/STM32F0xx_HAL_Driver/Src/stm32f0xx_hal_cortex.o
 .text.SysTick_Config
                0x0000000008000608       0x48 Drivers/STM32F0xx_HAL_Driver/Src/stm32f0xx_hal_cortex.o
 .text.HAL_NVIC_SetPriority
                0x0000000008000650       0x2a Drivers/STM32F0xx_HAL_Driver/Src/stm32f0xx_hal_cortex.o
                0x0000000008000650                HAL_NVIC_SetPriority
 .text.HAL_SYSTICK_Config
                0x000000000800067a       0x1a Drivers/STM32F0xx_HAL_Driver/Src/stm32f0xx_hal_cortex.o
                0x000000000800067a                HAL_SYSTICK_Config
 .text.HAL_GPIO_Init
                0x0000000008000694      0x2e8 Drivers/STM32F0xx_HAL_Driver/Src/stm32f0xx_hal_gpio.o
                0x0000000008000694                HAL_GPIO_Init
 .text.HAL_GPIO_WritePin
                0x000000000800097c       0x3a Drivers/STM32F0xx_HAL_Driver/Src/stm32f0xx_hal_gpio.o
                0x000000000800097c                HAL_GPIO_WritePin
 *fill*         0x00000000080009b6        0x2 
 .text.HAL_RCC_OscConfig
                0x00000000080009b8      0x5f0 Drivers/STM32F0xx_HAL_Driver/Src/stm32f0xx_hal_rcc.o
                0x00000000080009b8                HAL_RCC_OscConfig
 .text.HAL_RCC_ClockConfig
                0x0000000008000fa8      0x1d0 Drivers/STM32F0xx_HAL_Driver/Src/stm32f0xx_hal_rcc.o
                0x0000000008000fa8                HAL_RCC_ClockConfig
 .text.HAL_RCC_GetSysClockFreq
                0x0000000008001178       0xcc Drivers/STM32F0xx_HAL_Driver/Src/stm32f0xx_hal_rcc.o
                0x0000000008001178                HAL_RCC_GetSysClockFreq
 .text.HAL_RCC_GetHCLKFreq
                0x0000000008001244       0x14 Drivers/STM32F0xx_HAL_Driver/Src/stm32f0xx_hal_rcc.o
                0x0000000008001244                HAL_RCC_GetHCLKFreq
 .text.HAL_RCC_GetPCLK1Freq
                0x0000000008001258       0x2c Drivers/STM32F0xx_HAL_Driver/Src/stm32f0xx_hal_rcc.o
                0x0000000008001258                HAL_RCC_GetPCLK1Freq
 .text.HAL_RCCEx_PeriphCLKConfig
                0x0000000008001284      0x19c Drivers/STM32F0xx_HAL_Driver/Src/stm32f0xx_hal_rcc_ex.o
                0x0000000008001284                HAL_RCCEx_PeriphCLKConfig
 .text.HAL_SPI_Init
                0x0000000008001420      0x134 Drivers/STM32F0xx_HAL_Driver/Src/stm32f0xx_hal_spi.o
                0x0000000008001420                HAL_SPI_Init
 .text.HAL_UART_Init
                0x0000000008001554       0xb0 Drivers/STM32F0xx_HAL_Driver/Src/stm32f0xx_hal_uart.o
                0x0000000008001554                HAL_UART_Init
 .text.UART_SetConfig
                0x0000000008001604      0x34c Drivers/STM32F0xx_HAL_Driver/Src/stm32f0xx_hal_uart.o
                0x0000000008001604                UART_SetConfig
 .text.UART_AdvFeatureConfig
                0x0000000008001950      0x168 Drivers/STM32F0xx_HAL_Driver/Src/stm32f0xx_hal_uart.o
                0x0000000008001950                UART_AdvFeatureConfig
 .text.UART_CheckIdleState
                0x0000000008001ab8       0x30 Drivers/STM32F0xx_HAL_Driver/Src/stm32f0xx_hal_uart.o
                0x0000000008001ab8                UART_CheckIdleState
 .text.makeFreeRtosPriority
                0x0000000008001ae8       0x32 Middlewares/Third_Party/FreeRTOS/Source/CMSIS_RTOS/cmsis_os.o
 .text.osKernelStart
                0x0000000008001b1a       0x10 Middlewares/Third_Party/FreeRTOS/Source/CMSIS_RTOS/cmsis_os.o
                0x0000000008001b1a                osKernelStart
 .text.osThreadCreate
                0x0000000008001b2a       0x50 Middlewares/Third_Party/FreeRTOS/Source/CMSIS_RTOS/cmsis_os.o
                0x0000000008001b2a                osThreadCreate
 .text.osDelay  0x0000000008001b7a       0x28 Middlewares/Third_Party/FreeRTOS/Source/CMSIS_RTOS/cmsis_os.o
                0x0000000008001b7a                osDelay
 .text.vListInitialise
                0x0000000008001ba2       0x3c Middlewares/Third_Party/FreeRTOS/Source/list.o
                0x0000000008001ba2                vListInitialise
 .text.vListInitialiseItem
                0x0000000008001bde       0x16 Middlewares/Third_Party/FreeRTOS/Source/list.o
                0x0000000008001bde                vListInitialiseItem
 .text.vListInsertEnd
                0x0000000008001bf4       0x44 Middlewares/Third_Party/FreeRTOS/Source/list.o
                0x0000000008001bf4                vListInsertEnd
 .text.vListInsert
                0x0000000008001c38       0x6c Middlewares/Third_Party/FreeRTOS/Source/list.o
                0x0000000008001c38                vListInsert
 .text.uxListRemove
                0x0000000008001ca4       0x50 Middlewares/Third_Party/FreeRTOS/Source/list.o
                0x0000000008001ca4                uxListRemove
 .text.xTaskCreate
                0x0000000008001cf4       0x90 Middlewares/Third_Party/FreeRTOS/Source/tasks.o
                0x0000000008001cf4                xTaskCreate
 .text.prvInitialiseNewTask
                0x0000000008001d84       0xf4 Middlewares/Third_Party/FreeRTOS/Source/tasks.o
 .text.prvAddNewTaskToReadyList
                0x0000000008001e78       0xc8 Middlewares/Third_Party/FreeRTOS/Source/tasks.o
 .text.vTaskDelay
                0x0000000008001f40       0x4c Middlewares/Third_Party/FreeRTOS/Source/tasks.o
                0x0000000008001f40                vTaskDelay
 .text.vTaskStartScheduler
                0x0000000008001f8c       0x6c Middlewares/Third_Party/FreeRTOS/Source/tasks.o
                0x0000000008001f8c                vTaskStartScheduler
 .text.vTaskSuspendAll
                0x0000000008001ff8       0x18 Middlewares/Third_Party/FreeRTOS/Source/tasks.o
                0x0000000008001ff8                vTaskSuspendAll
 .text.xTaskResumeAll
                0x0000000008002010      0x118 Middlewares/Third_Party/FreeRTOS/Source/tasks.o
                0x0000000008002010                xTaskResumeAll
 .text.xTaskIncrementTick
                0x0000000008002128      0x168 Middlewares/Third_Party/FreeRTOS/Source/tasks.o
                0x0000000008002128                xTaskIncrementTick
 .text.vTaskSwitchContext
                0x0000000008002290       0xa4 Middlewares/Third_Party/FreeRTOS/Source/tasks.o
                0x0000000008002290                vTaskSwitchContext
 .text.prvIdleTask
                0x0000000008002334       0x20 Middlewares/Third_Party/FreeRTOS/Source/tasks.o
 .text.prvInitialiseTaskLists
                0x0000000008002354       0x88 Middlewares/Third_Party/FreeRTOS/Source/tasks.o
 .text.prvCheckTasksWaitingTermination
                0x00000000080023dc       0x74 Middlewares/Third_Party/FreeRTOS/Source/tasks.o
 .text.prvDeleteTCB
                0x0000000008002450       0x22 Middlewares/Third_Party/FreeRTOS/Source/tasks.o
 *fill*         0x0000000008002472        0x2 
 .text.prvResetNextTaskUnblockTime
                0x0000000008002474       0x48 Middlewares/Third_Party/FreeRTOS/Source/tasks.o
 .text.xTaskGetSchedulerState
                0x00000000080024bc       0x38 Middlewares/Third_Party/FreeRTOS/Source/tasks.o
                0x00000000080024bc                xTaskGetSchedulerState
 .text.prvAddCurrentTaskToDelayedList
                0x00000000080024f4       0xa8 Middlewares/Third_Party/FreeRTOS/Source/tasks.o
 .text.pxPortInitialiseStack
                0x000000000800259c       0x54 Middlewares/Third_Party/FreeRTOS/Source/portable/GCC/ARM_CM0/port.o
                0x000000000800259c                pxPortInitialiseStack
 .text.prvTaskExitError
                0x00000000080025f0       0x18 Middlewares/Third_Party/FreeRTOS/Source/portable/GCC/ARM_CM0/port.o
 .text.SVC_Handler
                0x0000000008002608        0xa Middlewares/Third_Party/FreeRTOS/Source/portable/GCC/ARM_CM0/port.o
                0x0000000008002608                SVC_Handler
 *fill*         0x0000000008002612        0xe 
 .text.vPortStartFirstTask
                0x0000000008002620       0x38 Middlewares/Third_Party/FreeRTOS/Source/portable/GCC/ARM_CM0/port.o
 .text.xPortStartScheduler
                0x0000000008002658       0x44 Middlewares/Third_Party/FreeRTOS/Source/portable/GCC/ARM_CM0/port.o
                0x0000000008002658                xPortStartScheduler
 .text.vPortYield
                0x000000000800269c       0x20 Middlewares/Third_Party/FreeRTOS/Source/portable/GCC/ARM_CM0/port.o
                0x000000000800269c                vPortYield
 .text.vPortEnterCritical
                0x00000000080026bc       0x24 Middlewares/Third_Party/FreeRTOS/Source/portable/GCC/ARM_CM0/port.o
                0x00000000080026bc                vPortEnterCritical
 .text.vPortExitCritical
                0x00000000080026e0       0x30 Middlewares/Third_Party/FreeRTOS/Source/portable/GCC/ARM_CM0/port.o
                0x00000000080026e0                vPortExitCritical
 .text.ulSetInterruptMaskFromISR
                0x0000000008002710        0xc Middlewares/Third_Party/FreeRTOS/Source/portable/GCC/ARM_CM0/port.o
                0x0000000008002710                ulSetInterruptMaskFromISR
 .text.vClearInterruptMaskFromISR
                0x000000000800271c        0x8 Middlewares/Third_Party/FreeRTOS/Source/portable/GCC/ARM_CM0/port.o
                0x000000000800271c                vClearInterruptMaskFromISR
 *fill*         0x0000000008002724        0xc 
 .text.PendSV_Handler
                0x0000000008002730       0x48 Middlewares/Third_Party/FreeRTOS/Source/portable/GCC/ARM_CM0/port.o
                0x0000000008002730                PendSV_Handler
 .text.xPortSysTickHandler
                0x0000000008002778       0x34 Middlewares/Third_Party/FreeRTOS/Source/portable/GCC/ARM_CM0/port.o
                0x0000000008002778                xPortSysTickHandler
 .text.vPortSetupTimerInterrupt
                0x00000000080027ac       0x34 Middlewares/Third_Party/FreeRTOS/Source/portable/GCC/ARM_CM0/port.o
                0x00000000080027ac                vPortSetupTimerInterrupt
 .text.pvPortMalloc
                0x00000000080027e0      0x14c Middlewares/Third_Party/FreeRTOS/Source/portable/MemMang/heap_4.o
                0x00000000080027e0                pvPortMalloc
 .text.vPortFree
                0x000000000800292c       0x90 Middlewares/Third_Party/FreeRTOS/Source/portable/MemMang/heap_4.o
                0x000000000800292c                vPortFree
 .text.prvHeapInit
                0x00000000080029bc       0xc0 Middlewares/Third_Party/FreeRTOS/Source/portable/MemMang/heap_4.o
 .text.prvInsertBlockIntoFreeList
                0x0000000008002a7c       0xb0 Middlewares/Third_Party/FreeRTOS/Source/portable/MemMang/heap_4.o
 .text.main     0x0000000008002b2c       0x48 Src/main.o
                0x0000000008002b2c                main
 .text.Error_Handler
                0x0000000008002b74        0xa Src/main.o
                0x0000000008002b74                Error_Handler
 *fill*         0x0000000008002b7e        0x2 
 .text.HAL_MspInit
                0x0000000008002b80       0x54 Src/stm32f0xx_hal_msp.o
                0x0000000008002b80                HAL_MspInit
 .text.HAL_SPI_MspInit
                0x0000000008002bd4       0x98 Src/stm32f0xx_hal_msp.o
                0x0000000008002bd4                HAL_SPI_MspInit
 .text.HAL_UART_MspInit
                0x0000000008002c6c      0x110 Src/stm32f0xx_hal_msp.o
                0x0000000008002c6c                HAL_UART_MspInit
 .text.NMI_Handler
                0x0000000008002d7c        0xa Src/stm32f0xx_it.o
                0x0000000008002d7c                NMI_Handler
 .text.HardFault_Handler
                0x0000000008002d86        0x6 Src/stm32f0xx_it.o
                0x0000000008002d86                HardFault_Handler
 .text.SysTick_Handler
                0x0000000008002d8c       0x1c Src/stm32f0xx_it.o
                0x0000000008002d8c                SysTick_Handler
 .text.SystemInit
                0x0000000008002da8       0x88 Src/system_stm32f0xx.o
                0x0000000008002da8                SystemInit
 .text.Reset_Handler
                0x0000000008002e30       0x50 Startup/startup_stm32f030rctx.o
                0x0000000008002e30                Reset_Handler
 .text.Default_Handler
                0x0000000008002e80        0x2 Startup/startup_stm32f030rctx.o
                0x0000000008002e80                TIM1_CC_IRQHandler
                0x0000000008002e80                TIM6_IRQHandler
                0x0000000008002e80                I2C1_IRQHandler
                0x0000000008002e80                SPI1_IRQHandler
                0x0000000008002e80                EXTI2_3_IRQHandler
                0x0000000008002e80                ADC1_IRQHandler
                0x0000000008002e80                I2C2_IRQHandler
                0x0000000008002e80                USART3_6_IRQHandler
                0x0000000008002e80                TIM17_IRQHandler
                0x0000000008002e80                RTC_IRQHandler
                0x0000000008002e80                TIM16_IRQHandler
                0x0000000008002e80                TIM3_IRQHandler
                0x0000000008002e80                EXTI4_15_IRQHandler
                0x0000000008002e80                RCC_IRQHandler
                0x0000000008002e80                DMA1_Channel1_IRQHandler
                0x0000000008002e80                Default_Handler
                0x0000000008002e80                TIM14_IRQHandler
                0x0000000008002e80                DMA1_Channel4_5_IRQHandler
                0x0000000008002e80                TIM7_IRQHandler
                0x0000000008002e80                TIM15_IRQHandler
                0x0000000008002e80                EXTI0_1_IRQHandler
                0x0000000008002e80                SPI2_IRQHandler
                0x0000000008002e80                WWDG_IRQHandler
                0x0000000008002e80                DMA1_Channel2_3_IRQHandler
                0x0000000008002e80                USART2_IRQHandler
                0x0000000008002e80                FLASH_IRQHandler
                0x0000000008002e80                USART1_IRQHandler
                0x0000000008002e80                TIM1_BRK_UP_TRG_COM_IRQHandler
 *fill*         0x0000000008002e82        0x2 
 .text.__libc_init_array
                0x0000000008002e84       0x48 /home/faoziaziz/cubeide/plugins/com.st.stm32cube.ide.mcu.externaltools.gnu-tools-for-stm32.7-2018-q2-update.linux64_1.0.0.201904181610/tools/bin/../lib/gcc/arm-none-eabi/7.3.1/../../../../arm-none-eabi/lib/thumb/v6-m/libc_nano.a(lib_a-init.o)
                0x0000000008002e84                __libc_init_array
 .text.memset   0x0000000008002ecc       0x10 /home/faoziaziz/cubeide/plugins/com.st.stm32cube.ide.mcu.externaltools.gnu-tools-for-stm32.7-2018-q2-update.linux64_1.0.0.201904181610/tools/bin/../lib/gcc/arm-none-eabi/7.3.1/../../../../arm-none-eabi/lib/thumb/v6-m/libc_nano.a(lib_a-memset.o)
                0x0000000008002ecc                memset
 *(.glue_7)
 .glue_7        0x0000000008002edc        0x0 linker stubs
 *(.glue_7t)
 .glue_7t       0x0000000008002edc        0x0 linker stubs
 *(.eh_frame)
 .eh_frame      0x0000000008002edc        0x0 /home/faoziaziz/cubeide/plugins/com.st.stm32cube.ide.mcu.externaltools.gnu-tools-for-stm32.7-2018-q2-update.linux64_1.0.0.201904181610/tools/bin/../lib/gcc/arm-none-eabi/7.3.1/thumb/v6-m/crtbegin.o
 *(.init)
 .init          0x0000000008002edc        0x4 /home/faoziaziz/cubeide/plugins/com.st.stm32cube.ide.mcu.externaltools.gnu-tools-for-stm32.7-2018-q2-update.linux64_1.0.0.201904181610/tools/bin/../lib/gcc/arm-none-eabi/7.3.1/thumb/v6-m/crti.o
                0x0000000008002edc                _init
 .init          0x0000000008002ee0        0x8 /home/faoziaziz/cubeide/plugins/com.st.stm32cube.ide.mcu.externaltools.gnu-tools-for-stm32.7-2018-q2-update.linux64_1.0.0.201904181610/tools/bin/../lib/gcc/arm-none-eabi/7.3.1/thumb/v6-m/crtn.o
 *(.fini)
 .fini          0x0000000008002ee8        0x4 /home/faoziaziz/cubeide/plugins/com.st.stm32cube.ide.mcu.externaltools.gnu-tools-for-stm32.7-2018-q2-update.linux64_1.0.0.201904181610/tools/bin/../lib/gcc/arm-none-eabi/7.3.1/thumb/v6-m/crti.o
                0x0000000008002ee8                _fini
 .fini          0x0000000008002eec        0x8 /home/faoziaziz/cubeide/plugins/com.st.stm32cube.ide.mcu.externaltools.gnu-tools-for-stm32.7-2018-q2-update.linux64_1.0.0.201904181610/tools/bin/../lib/gcc/arm-none-eabi/7.3.1/thumb/v6-m/crtn.o
                0x0000000008002ef4                . = ALIGN (0x4)
                0x0000000008002ef4                _etext = .

.vfp11_veneer   0x0000000008002ef4        0x0
 .vfp11_veneer  0x0000000008002ef4        0x0 linker stubs

.v4_bx          0x0000000008002ef4        0x0
 .v4_bx         0x0000000008002ef4        0x0 linker stubs

.iplt           0x0000000008002ef4        0x0
 .iplt          0x0000000008002ef4        0x0 /home/faoziaziz/cubeide/plugins/com.st.stm32cube.ide.mcu.externaltools.gnu-tools-for-stm32.7-2018-q2-update.linux64_1.0.0.201904181610/tools/bin/../lib/gcc/arm-none-eabi/7.3.1/thumb/v6-m/crtbegin.o

.rodata         0x0000000008002ef4       0x60
                0x0000000008002ef4                . = ALIGN (0x4)
 *(.rodata)
 .rodata        0x0000000008002ef4       0x20 Drivers/STM32F0xx_HAL_Driver/Src/stm32f0xx_hal_rcc.o
 .rodata        0x0000000008002f14        0x5 Middlewares/Third_Party/FreeRTOS/Source/tasks.o
 *fill*         0x0000000008002f19        0x3 
 .rodata        0x0000000008002f1c       0x20 Src/main.o
 *(.rodata*)
 .rodata.AHBPrescTable
                0x0000000008002f3c       0x10 Src/system_stm32f0xx.o
                0x0000000008002f3c                AHBPrescTable
 .rodata.APBPrescTable
                0x0000000008002f4c        0x8 Src/system_stm32f0xx.o
                0x0000000008002f4c                APBPrescTable
                0x0000000008002f54                . = ALIGN (0x4)

.rel.dyn        0x0000000008002f54        0x0
 .rel.iplt      0x0000000008002f54        0x0 /home/faoziaziz/cubeide/plugins/com.st.stm32cube.ide.mcu.externaltools.gnu-tools-for-stm32.7-2018-q2-update.linux64_1.0.0.201904181610/tools/bin/../lib/gcc/arm-none-eabi/7.3.1/thumb/v6-m/crtbegin.o

.ARM.extab      0x0000000008002f54        0x0
                0x0000000008002f54                . = ALIGN (0x4)
 *(.ARM.extab* .gnu.linkonce.armextab.*)
                0x0000000008002f54                . = ALIGN (0x4)

.ARM            0x0000000008002f54        0x0
                0x0000000008002f54                . = ALIGN (0x4)
                0x0000000008002f54                __exidx_start = .
 *(.ARM.exidx*)
                0x0000000008002f54                __exidx_end = .
                0x0000000008002f54                . = ALIGN (0x4)

.preinit_array  0x0000000008002f54        0x0
                0x0000000008002f54                . = ALIGN (0x4)
                0x0000000008002f54                PROVIDE (__preinit_array_start = .)
 *(.preinit_array*)
                0x0000000008002f54                PROVIDE (__preinit_array_end = .)
                0x0000000008002f54                . = ALIGN (0x4)

.init_array     0x0000000008002f54        0x4
                0x0000000008002f54                . = ALIGN (0x4)
                0x0000000008002f54                PROVIDE (__init_array_start = .)
 *(SORT_BY_NAME(.init_array.*))
 *(.init_array*)
 .init_array    0x0000000008002f54        0x4 /home/faoziaziz/cubeide/plugins/com.st.stm32cube.ide.mcu.externaltools.gnu-tools-for-stm32.7-2018-q2-update.linux64_1.0.0.201904181610/tools/bin/../lib/gcc/arm-none-eabi/7.3.1/thumb/v6-m/crtbegin.o
                0x0000000008002f58                PROVIDE (__init_array_end = .)
                0x0000000008002f58                . = ALIGN (0x4)

.fini_array     0x0000000008002f58        0x4
                0x0000000008002f58                . = ALIGN (0x4)
                [!provide]                        PROVIDE (__fini_array_start = .)
 *(SORT_BY_NAME(.fini_array.*))
 *(.fini_array*)
 .fini_array    0x0000000008002f58        0x4 /home/faoziaziz/cubeide/plugins/com.st.stm32cube.ide.mcu.externaltools.gnu-tools-for-stm32.7-2018-q2-update.linux64_1.0.0.201904181610/tools/bin/../lib/gcc/arm-none-eabi/7.3.1/thumb/v6-m/crtbegin.o
                [!provide]                        PROVIDE (__fini_array_end = .)
                0x0000000008002f5c                . = ALIGN (0x4)
                0x0000000008002f5c                _sidata = LOADADDR (.data)

.data           0x0000000020000000        0x8 load address 0x0000000008002f5c
                0x0000000020000000                . = ALIGN (0x4)
                0x0000000020000000                _sdata = .
 *(.data)
 *(.data*)
 .data.uxCriticalNesting
                0x0000000020000000        0x4 Middlewares/Third_Party/FreeRTOS/Source/portable/GCC/ARM_CM0/port.o
 .data.SystemCoreClock
                0x0000000020000004        0x4 Src/system_stm32f0xx.o
                0x0000000020000004                SystemCoreClock
                0x0000000020000008                . = ALIGN (0x4)
                0x0000000020000008                _edata = .

.igot.plt       0x0000000020000008        0x0 load address 0x0000000008002f64
 .igot.plt      0x0000000020000008        0x0 /home/faoziaziz/cubeide/plugins/com.st.stm32cube.ide.mcu.externaltools.gnu-tools-for-stm32.7-2018-q2-update.linux64_1.0.0.201904181610/tools/bin/../lib/gcc/arm-none-eabi/7.3.1/thumb/v6-m/crtbegin.o
                0x0000000020000008                . = ALIGN (0x4)

.bss            0x0000000020000008      0xeac load address 0x0000000008002f64
                0x0000000020000008                _sbss = .
                0x0000000020000008                __bss_start__ = _sbss
 *(.bss)
 .bss           0x0000000020000008       0x1c /home/faoziaziz/cubeide/plugins/com.st.stm32cube.ide.mcu.externaltools.gnu-tools-for-stm32.7-2018-q2-update.linux64_1.0.0.201904181610/tools/bin/../lib/gcc/arm-none-eabi/7.3.1/thumb/v6-m/crtbegin.o
 *(.bss*)
 .bss.pxCurrentTCB
                0x0000000020000024        0x4 Middlewares/Third_Party/FreeRTOS/Source/tasks.o
                0x0000000020000024                pxCurrentTCB
 .bss.pxReadyTasksLists
                0x0000000020000028       0x8c Middlewares/Third_Party/FreeRTOS/Source/tasks.o
 .bss.xDelayedTaskList1
                0x00000000200000b4       0x14 Middlewares/Third_Party/FreeRTOS/Source/tasks.o
 .bss.xDelayedTaskList2
                0x00000000200000c8       0x14 Middlewares/Third_Party/FreeRTOS/Source/tasks.o
 .bss.pxDelayedTaskList
                0x00000000200000dc        0x4 Middlewares/Third_Party/FreeRTOS/Source/tasks.o
 .bss.pxOverflowDelayedTaskList
                0x00000000200000e0        0x4 Middlewares/Third_Party/FreeRTOS/Source/tasks.o
 .bss.xPendingReadyList
                0x00000000200000e4       0x14 Middlewares/Third_Party/FreeRTOS/Source/tasks.o
 .bss.xTasksWaitingTermination
                0x00000000200000f8       0x14 Middlewares/Third_Party/FreeRTOS/Source/tasks.o
 .bss.uxDeletedTasksWaitingCleanUp
                0x000000002000010c        0x4 Middlewares/Third_Party/FreeRTOS/Source/tasks.o
 .bss.xSuspendedTaskList
                0x0000000020000110       0x14 Middlewares/Third_Party/FreeRTOS/Source/tasks.o
 .bss.uxCurrentNumberOfTasks
                0x0000000020000124        0x4 Middlewares/Third_Party/FreeRTOS/Source/tasks.o
 .bss.xTickCount
                0x0000000020000128        0x4 Middlewares/Third_Party/FreeRTOS/Source/tasks.o
 .bss.uxTopReadyPriority
                0x000000002000012c        0x4 Middlewares/Third_Party/FreeRTOS/Source/tasks.o
 .bss.xSchedulerRunning
                0x0000000020000130        0x4 Middlewares/Third_Party/FreeRTOS/Source/tasks.o
 .bss.uxPendedTicks
                0x0000000020000134        0x4 Middlewares/Third_Party/FreeRTOS/Source/tasks.o
 .bss.xYieldPending
                0x0000000020000138        0x4 Middlewares/Third_Party/FreeRTOS/Source/tasks.o
 .bss.xNumOfOverflows
                0x000000002000013c        0x4 Middlewares/Third_Party/FreeRTOS/Source/tasks.o
 .bss.uxTaskNumber
                0x0000000020000140        0x4 Middlewares/Third_Party/FreeRTOS/Source/tasks.o
 .bss.xNextTaskUnblockTime
                0x0000000020000144        0x4 Middlewares/Third_Party/FreeRTOS/Source/tasks.o
 .bss.xIdleTaskHandle
                0x0000000020000148        0x4 Middlewares/Third_Party/FreeRTOS/Source/tasks.o
 .bss.uxSchedulerSuspended
                0x000000002000014c        0x4 Middlewares/Third_Party/FreeRTOS/Source/tasks.o
 .bss.ucHeap    0x0000000020000150      0xc00 Middlewares/Third_Party/FreeRTOS/Source/portable/MemMang/heap_4.o
 .bss.xStart    0x0000000020000d50        0x8 Middlewares/Third_Party/FreeRTOS/Source/portable/MemMang/heap_4.o
 .bss.pxEnd     0x0000000020000d58        0x4 Middlewares/Third_Party/FreeRTOS/Source/portable/MemMang/heap_4.o
 .bss.xFreeBytesRemaining
                0x0000000020000d5c        0x4 Middlewares/Third_Party/FreeRTOS/Source/portable/MemMang/heap_4.o
 .bss.xMinimumEverFreeBytesRemaining
                0x0000000020000d60        0x4 Middlewares/Third_Party/FreeRTOS/Source/portable/MemMang/heap_4.o
 .bss.xBlockAllocatedBit
                0x0000000020000d64        0x4 Middlewares/Third_Party/FreeRTOS/Source/portable/MemMang/heap_4.o
 *(COMMON)
 COMMON         0x0000000020000d68      0x144 APP/Board/BoardInit.o
                0x0000000020000d68                huart1
                0x0000000020000dd8                huart4
                0x0000000020000e48                hspi1
 COMMON         0x0000000020000eac        0x4 APP/OS/NTS_OS_TOP.o
                0x0000000020000eac                defaultTaskHandle
 COMMON         0x0000000020000eb0        0x4 Drivers/STM32F0xx_HAL_Driver/Src/stm32f0xx_hal.o
                0x0000000020000eb0                uwTick
                0x0000000020000eb4                . = ALIGN (0x4)
                0x0000000020000eb4                _ebss = .
                0x0000000020000eb4                __bss_end__ = _ebss

._user_heap_stack
                0x0000000020000eb4      0x604 load address 0x0000000008002f64
                0x0000000020000eb8                . = ALIGN (0x8)
 *fill*         0x0000000020000eb4        0x4 
                0x0000000020000eb8                PROVIDE (end = .)
                [!provide]                        PROVIDE (_end = .)
                0x00000000200010b8                . = (. + _Min_Heap_Size)
 *fill*         0x0000000020000eb8      0x200 
                0x00000000200014b8                . = (. + _Min_Stack_Size)
 *fill*         0x00000000200010b8      0x400 
                0x00000000200014b8                . = ALIGN (0x8)

/DISCARD/
 libc.a(*)
 libm.a(*)
 libgcc.a(*)

.ARM.attributes
                0x0000000000000000       0x28
 *(.ARM.attributes)
 .ARM.attributes
                0x0000000000000000       0x1e /home/faoziaziz/cubeide/plugins/com.st.stm32cube.ide.mcu.externaltools.gnu-tools-for-stm32.7-2018-q2-update.linux64_1.0.0.201904181610/tools/bin/../lib/gcc/arm-none-eabi/7.3.1/thumb/v6-m/crti.o
 .ARM.attributes
                0x000000000000001e       0x2c /home/faoziaziz/cubeide/plugins/com.st.stm32cube.ide.mcu.externaltools.gnu-tools-for-stm32.7-2018-q2-update.linux64_1.0.0.201904181610/tools/bin/../lib/gcc/arm-none-eabi/7.3.1/thumb/v6-m/crtbegin.o
 .ARM.attributes
                0x000000000000004a       0x31 APP/Board/BoardInit.o
 .ARM.attributes
                0x000000000000007b       0x31 APP/OS/NTS_OS_TOP.o
 .ARM.attributes
                0x00000000000000ac       0x31 Drivers/STM32F0xx_HAL_Driver/Src/stm32f0xx_hal.o
 .ARM.attributes
                0x00000000000000dd       0x31 Drivers/STM32F0xx_HAL_Driver/Src/stm32f0xx_hal_cortex.o
 .ARM.attributes
                0x000000000000010e       0x31 Drivers/STM32F0xx_HAL_Driver/Src/stm32f0xx_hal_gpio.o
 .ARM.attributes
                0x000000000000013f       0x31 Drivers/STM32F0xx_HAL_Driver/Src/stm32f0xx_hal_rcc.o
 .ARM.attributes
                0x0000000000000170       0x31 Drivers/STM32F0xx_HAL_Driver/Src/stm32f0xx_hal_rcc_ex.o
 .ARM.attributes
                0x00000000000001a1       0x31 Drivers/STM32F0xx_HAL_Driver/Src/stm32f0xx_hal_spi.o
 .ARM.attributes
                0x00000000000001d2       0x31 Drivers/STM32F0xx_HAL_Driver/Src/stm32f0xx_hal_uart.o
 .ARM.attributes
                0x0000000000000203       0x31 Middlewares/Third_Party/FreeRTOS/Source/CMSIS_RTOS/cmsis_os.o
 .ARM.attributes
                0x0000000000000234       0x31 Middlewares/Third_Party/FreeRTOS/Source/list.o
 .ARM.attributes
                0x0000000000000265       0x31 Middlewares/Third_Party/FreeRTOS/Source/tasks.o
 .ARM.attributes
                0x0000000000000296       0x31 Middlewares/Third_Party/FreeRTOS/Source/portable/GCC/ARM_CM0/port.o
 .ARM.attributes
                0x00000000000002c7       0x31 Middlewares/Third_Party/FreeRTOS/Source/portable/MemMang/heap_4.o
 .ARM.attributes
                0x00000000000002f8       0x31 Src/main.o
 .ARM.attributes
                0x0000000000000329       0x31 Src/stm32f0xx_hal_msp.o
 .ARM.attributes
                0x000000000000035a       0x31 Src/stm32f0xx_it.o
 .ARM.attributes
                0x000000000000038b       0x31 Src/system_stm32f0xx.o
 .ARM.attributes
                0x00000000000003bc       0x21 Startup/startup_stm32f030rctx.o
 .ARM.attributes
                0x00000000000003dd       0x2c /home/faoziaziz/cubeide/plugins/com.st.stm32cube.ide.mcu.externaltools.gnu-tools-for-stm32.7-2018-q2-update.linux64_1.0.0.201904181610/tools/bin/../lib/gcc/arm-none-eabi/7.3.1/../../../../arm-none-eabi/lib/thumb/v6-m/libc_nano.a(lib_a-init.o)
 .ARM.attributes
                0x0000000000000409       0x2c /home/faoziaziz/cubeide/plugins/com.st.stm32cube.ide.mcu.externaltools.gnu-tools-for-stm32.7-2018-q2-update.linux64_1.0.0.201904181610/tools/bin/../lib/gcc/arm-none-eabi/7.3.1/../../../../arm-none-eabi/lib/thumb/v6-m/libc_nano.a(lib_a-memset.o)
 .ARM.attributes
                0x0000000000000435       0x1e /home/faoziaziz/cubeide/plugins/com.st.stm32cube.ide.mcu.externaltools.gnu-tools-for-stm32.7-2018-q2-update.linux64_1.0.0.201904181610/tools/bin/../lib/gcc/arm-none-eabi/7.3.1/thumb/v6-m/libgcc.a(_udivsi3.o)
 .ARM.attributes
                0x0000000000000453       0x1e /home/faoziaziz/cubeide/plugins/com.st.stm32cube.ide.mcu.externaltools.gnu-tools-for-stm32.7-2018-q2-update.linux64_1.0.0.201904181610/tools/bin/../lib/gcc/arm-none-eabi/7.3.1/thumb/v6-m/libgcc.a(_dvmd_tls.o)
 .ARM.attributes
                0x0000000000000471       0x1e /home/faoziaziz/cubeide/plugins/com.st.stm32cube.ide.mcu.externaltools.gnu-tools-for-stm32.7-2018-q2-update.linux64_1.0.0.201904181610/tools/bin/../lib/gcc/arm-none-eabi/7.3.1/thumb/v6-m/crtn.o
OUTPUT(NeiraTS.elf elf32-littlearm)

.debug_info     0x0000000000000000    0x11d5d
 .debug_info    0x0000000000000000     0x1511 APP/Board/BoardInit.o
 .debug_info    0x0000000000001511      0x95b APP/OS/NTS_OS_TOP.o
 .debug_info    0x0000000000001e6c      0xdc4 Drivers/STM32F0xx_HAL_Driver/Src/stm32f0xx_hal.o
 .debug_info    0x0000000000002c30      0xf1b Drivers/STM32F0xx_HAL_Driver/Src/stm32f0xx_hal_cortex.o
 .debug_info    0x0000000000003b4b      0xe4a Drivers/STM32F0xx_HAL_Driver/Src/stm32f0xx_hal_gpio.o
 .debug_info    0x0000000000004995      0xf90 Drivers/STM32F0xx_HAL_Driver/Src/stm32f0xx_hal_rcc.o
 .debug_info    0x0000000000005925      0xb88 Drivers/STM32F0xx_HAL_Driver/Src/stm32f0xx_hal_rcc_ex.o
 .debug_info    0x00000000000064ad     0x1d9c Drivers/STM32F0xx_HAL_Driver/Src/stm32f0xx_hal_spi.o
 .debug_info    0x0000000000008249     0x1b67 Drivers/STM32F0xx_HAL_Driver/Src/stm32f0xx_hal_uart.o
 .debug_info    0x0000000000009db0     0x1a69 Middlewares/Third_Party/FreeRTOS/Source/CMSIS_RTOS/cmsis_os.o
 .debug_info    0x000000000000b819      0xac0 Middlewares/Third_Party/FreeRTOS/Source/list.o
 .debug_info    0x000000000000c2d9     0x1a47 Middlewares/Third_Party/FreeRTOS/Source/tasks.o
 .debug_info    0x000000000000dd20      0x255 Middlewares/Third_Party/FreeRTOS/Source/portable/GCC/ARM_CM0/port.o
 .debug_info    0x000000000000df75      0xb19 Middlewares/Third_Party/FreeRTOS/Source/portable/MemMang/heap_4.o
 .debug_info    0x000000000000ea8e      0xa29 Src/main.o
 .debug_info    0x000000000000f4b7     0x14e1 Src/stm32f0xx_hal_msp.o
 .debug_info    0x0000000000010998      0x943 Src/stm32f0xx_it.o
 .debug_info    0x00000000000112db      0xa60 Src/system_stm32f0xx.o
 .debug_info    0x0000000000011d3b       0x22 Startup/startup_stm32f030rctx.o

.debug_abbrev   0x0000000000000000     0x27c6
 .debug_abbrev  0x0000000000000000      0x1fd APP/Board/BoardInit.o
 .debug_abbrev  0x00000000000001fd      0x195 APP/OS/NTS_OS_TOP.o
 .debug_abbrev  0x0000000000000392      0x26b Drivers/STM32F0xx_HAL_Driver/Src/stm32f0xx_hal.o
 .debug_abbrev  0x00000000000005fd      0x314 Drivers/STM32F0xx_HAL_Driver/Src/stm32f0xx_hal_cortex.o
 .debug_abbrev  0x0000000000000911      0x251 Drivers/STM32F0xx_HAL_Driver/Src/stm32f0xx_hal_gpio.o
 .debug_abbrev  0x0000000000000b62      0x286 Drivers/STM32F0xx_HAL_Driver/Src/stm32f0xx_hal_rcc.o
 .debug_abbrev  0x0000000000000de8      0x228 Drivers/STM32F0xx_HAL_Driver/Src/stm32f0xx_hal_rcc_ex.o
 .debug_abbrev  0x0000000000001010      0x299 Drivers/STM32F0xx_HAL_Driver/Src/stm32f0xx_hal_spi.o
 .debug_abbrev  0x00000000000012a9      0x276 Drivers/STM32F0xx_HAL_Driver/Src/stm32f0xx_hal_uart.o
 .debug_abbrev  0x000000000000151f      0x316 Middlewares/Third_Party/FreeRTOS/Source/CMSIS_RTOS/cmsis_os.o
 .debug_abbrev  0x0000000000001835      0x1c8 Middlewares/Third_Party/FreeRTOS/Source/list.o
 .debug_abbrev  0x00000000000019fd      0x2de Middlewares/Third_Party/FreeRTOS/Source/tasks.o
 .debug_abbrev  0x0000000000001cdb      0x187 Middlewares/Third_Party/FreeRTOS/Source/portable/GCC/ARM_CM0/port.o
 .debug_abbrev  0x0000000000001e62      0x23d Middlewares/Third_Party/FreeRTOS/Source/portable/MemMang/heap_4.o
 .debug_abbrev  0x000000000000209f      0x1c5 Src/main.o
 .debug_abbrev  0x0000000000002264      0x1f7 Src/stm32f0xx_hal_msp.o
 .debug_abbrev  0x000000000000245b      0x18c Src/stm32f0xx_it.o
 .debug_abbrev  0x00000000000025e7      0x1cd Src/system_stm32f0xx.o
 .debug_abbrev  0x00000000000027b4       0x12 Startup/startup_stm32f030rctx.o

.debug_aranges  0x0000000000000000      0xbf8
 .debug_aranges
                0x0000000000000000       0x40 APP/Board/BoardInit.o
 .debug_aranges
                0x0000000000000040       0x20 APP/OS/NTS_OS_TOP.o
 .debug_aranges
                0x0000000000000060       0xb8 Drivers/STM32F0xx_HAL_Driver/Src/stm32f0xx_hal.o
 .debug_aranges
                0x0000000000000118       0xc0 Drivers/STM32F0xx_HAL_Driver/Src/stm32f0xx_hal_cortex.o
 .debug_aranges
                0x00000000000001d8       0x58 Drivers/STM32F0xx_HAL_Driver/Src/stm32f0xx_hal_gpio.o
 .debug_aranges
                0x0000000000000230       0x80 Drivers/STM32F0xx_HAL_Driver/Src/stm32f0xx_hal_rcc.o
 .debug_aranges
                0x00000000000002b0       0x30 Drivers/STM32F0xx_HAL_Driver/Src/stm32f0xx_hal_rcc_ex.o
 .debug_aranges
                0x00000000000002e0      0x1d8 Drivers/STM32F0xx_HAL_Driver/Src/stm32f0xx_hal_spi.o
 .debug_aranges
                0x00000000000004b8      0x1d8 Drivers/STM32F0xx_HAL_Driver/Src/stm32f0xx_hal_uart.o
 .debug_aranges
                0x0000000000000690      0x1d8 Middlewares/Third_Party/FreeRTOS/Source/CMSIS_RTOS/cmsis_os.o
 .debug_aranges
                0x0000000000000868       0x40 Middlewares/Third_Party/FreeRTOS/Source/list.o
 .debug_aranges
                0x00000000000008a8      0x190 Middlewares/Third_Party/FreeRTOS/Source/tasks.o
 .debug_aranges
                0x0000000000000a38       0x88 Middlewares/Third_Party/FreeRTOS/Source/portable/GCC/ARM_CM0/port.o
 .debug_aranges
                0x0000000000000ac0       0x50 Middlewares/Third_Party/FreeRTOS/Source/portable/MemMang/heap_4.o
 .debug_aranges
                0x0000000000000b10       0x28 Src/main.o
 .debug_aranges
                0x0000000000000b38       0x40 Src/stm32f0xx_hal_msp.o
 .debug_aranges
                0x0000000000000b78       0x30 Src/stm32f0xx_it.o
 .debug_aranges
                0x0000000000000ba8       0x28 Src/system_stm32f0xx.o
 .debug_aranges
                0x0000000000000bd0       0x28 Startup/startup_stm32f030rctx.o

.debug_ranges   0x0000000000000000      0xad0
 .debug_ranges  0x0000000000000000       0x30 APP/Board/BoardInit.o
 .debug_ranges  0x0000000000000030       0x10 APP/OS/NTS_OS_TOP.o
 .debug_ranges  0x0000000000000040       0xa8 Drivers/STM32F0xx_HAL_Driver/Src/stm32f0xx_hal.o
 .debug_ranges  0x00000000000000e8       0xb0 Drivers/STM32F0xx_HAL_Driver/Src/stm32f0xx_hal_cortex.o
 .debug_ranges  0x0000000000000198       0x48 Drivers/STM32F0xx_HAL_Driver/Src/stm32f0xx_hal_gpio.o
 .debug_ranges  0x00000000000001e0       0x70 Drivers/STM32F0xx_HAL_Driver/Src/stm32f0xx_hal_rcc.o
 .debug_ranges  0x0000000000000250       0x20 Drivers/STM32F0xx_HAL_Driver/Src/stm32f0xx_hal_rcc_ex.o
 .debug_ranges  0x0000000000000270      0x1c8 Drivers/STM32F0xx_HAL_Driver/Src/stm32f0xx_hal_spi.o
 .debug_ranges  0x0000000000000438      0x1c8 Drivers/STM32F0xx_HAL_Driver/Src/stm32f0xx_hal_uart.o
 .debug_ranges  0x0000000000000600      0x1c8 Middlewares/Third_Party/FreeRTOS/Source/CMSIS_RTOS/cmsis_os.o
 .debug_ranges  0x00000000000007c8       0x30 Middlewares/Third_Party/FreeRTOS/Source/list.o
 .debug_ranges  0x00000000000007f8      0x180 Middlewares/Third_Party/FreeRTOS/Source/tasks.o
 .debug_ranges  0x0000000000000978       0x78 Middlewares/Third_Party/FreeRTOS/Source/portable/GCC/ARM_CM0/port.o
 .debug_ranges  0x00000000000009f0       0x40 Middlewares/Third_Party/FreeRTOS/Source/portable/MemMang/heap_4.o
 .debug_ranges  0x0000000000000a30       0x18 Src/main.o
 .debug_ranges  0x0000000000000a48       0x30 Src/stm32f0xx_hal_msp.o
 .debug_ranges  0x0000000000000a78       0x20 Src/stm32f0xx_it.o
 .debug_ranges  0x0000000000000a98       0x18 Src/system_stm32f0xx.o
 .debug_ranges  0x0000000000000ab0       0x20 Startup/startup_stm32f030rctx.o

.debug_macro    0x0000000000000000     0x36a7
 .debug_macro   0x0000000000000000      0x3d9 APP/Board/BoardInit.o
 .debug_macro   0x00000000000003d9      0x3d9 APP/OS/NTS_OS_TOP.o
 .debug_macro   0x00000000000007b2      0x32b Drivers/STM32F0xx_HAL_Driver/Src/stm32f0xx_hal.o
 .debug_macro   0x0000000000000add      0x307 Drivers/STM32F0xx_HAL_Driver/Src/stm32f0xx_hal_cortex.o
 .debug_macro   0x0000000000000de4      0x33f Drivers/STM32F0xx_HAL_Driver/Src/stm32f0xx_hal_gpio.o
 .debug_macro   0x0000000000001123      0x319 Drivers/STM32F0xx_HAL_Driver/Src/stm32f0xx_hal_rcc.o
 .debug_macro   0x000000000000143c      0x307 Drivers/STM32F0xx_HAL_Driver/Src/stm32f0xx_hal_rcc_ex.o
 .debug_macro   0x0000000000001743      0x30f Drivers/STM32F0xx_HAL_Driver/Src/stm32f0xx_hal_spi.o
 .debug_macro   0x0000000000001a52      0x30f Drivers/STM32F0xx_HAL_Driver/Src/stm32f0xx_hal_uart.o
 .debug_macro   0x0000000000001d61      0x1f2 Middlewares/Third_Party/FreeRTOS/Source/CMSIS_RTOS/cmsis_os.o
 .debug_macro   0x0000000000001f53       0x40 Middlewares/Third_Party/FreeRTOS/Source/CMSIS_RTOS/cmsis_os.o
 .debug_macro   0x0000000000001f93       0x94 Middlewares/Third_Party/FreeRTOS/Source/CMSIS_RTOS/cmsis_os.o
 .debug_macro   0x0000000000002027      0x174 Middlewares/Third_Party/FreeRTOS/Source/CMSIS_RTOS/cmsis_os.o
 .debug_macro   0x000000000000219b       0x57 Middlewares/Third_Party/FreeRTOS/Source/CMSIS_RTOS/cmsis_os.o
 .debug_macro   0x00000000000021f2       0x10 Middlewares/Third_Party/FreeRTOS/Source/CMSIS_RTOS/cmsis_os.o
 .debug_macro   0x0000000000002202       0x35 Middlewares/Third_Party/FreeRTOS/Source/CMSIS_RTOS/cmsis_os.o
 .debug_macro   0x0000000000002237       0x20 Middlewares/Third_Party/FreeRTOS/Source/CMSIS_RTOS/cmsis_os.o
 .debug_macro   0x0000000000002257      0x17b Middlewares/Third_Party/FreeRTOS/Source/list.o
 .debug_macro   0x00000000000023d2      0x270 Middlewares/Third_Party/FreeRTOS/Source/tasks.o
 .debug_macro   0x0000000000002642       0x11 Middlewares/Third_Party/FreeRTOS/Source/tasks.o
 .debug_macro   0x0000000000002653      0x13d Middlewares/Third_Party/FreeRTOS/Source/portable/GCC/ARM_CM0/port.o
 .debug_macro   0x0000000000002790      0x1a2 Middlewares/Third_Party/FreeRTOS/Source/portable/MemMang/heap_4.o
 .debug_macro   0x0000000000002932      0x3d9 Src/main.o
 .debug_macro   0x0000000000002d0b      0x311 Src/stm32f0xx_hal_msp.o
 .debug_macro   0x000000000000301c      0x384 Src/stm32f0xx_it.o
 .debug_macro   0x00000000000033a0      0x307 Src/system_stm32f0xx.o

.debug_line     0x0000000000000000     0xbb28
 .debug_line    0x0000000000000000      0xa71 APP/Board/BoardInit.o
 .debug_line    0x0000000000000a71      0x9e5 APP/OS/NTS_OS_TOP.o
 .debug_line    0x0000000000001456      0x988 Drivers/STM32F0xx_HAL_Driver/Src/stm32f0xx_hal.o
 .debug_line    0x0000000000001dde      0x9da Drivers/STM32F0xx_HAL_Driver/Src/stm32f0xx_hal_cortex.o
 .debug_line    0x00000000000027b8      0x98e Drivers/STM32F0xx_HAL_Driver/Src/stm32f0xx_hal_gpio.o
 .debug_line    0x0000000000003146      0xa68 Drivers/STM32F0xx_HAL_Driver/Src/stm32f0xx_hal_rcc.o
 .debug_line    0x0000000000003bae      0x8e5 Drivers/STM32F0xx_HAL_Driver/Src/stm32f0xx_hal_rcc_ex.o
 .debug_line    0x0000000000004493     0x126e Drivers/STM32F0xx_HAL_Driver/Src/stm32f0xx_hal_spi.o
 .debug_line    0x0000000000005701     0x11c1 Drivers/STM32F0xx_HAL_Driver/Src/stm32f0xx_hal_uart.o
 .debug_line    0x00000000000068c2      0xc4f Middlewares/Third_Party/FreeRTOS/Source/CMSIS_RTOS/cmsis_os.o
 .debug_line    0x0000000000007511      0x62c Middlewares/Third_Party/FreeRTOS/Source/list.o
 .debug_line    0x0000000000007b3d      0xf03 Middlewares/Third_Party/FreeRTOS/Source/tasks.o
 .debug_line    0x0000000000008a40      0x585 Middlewares/Third_Party/FreeRTOS/Source/portable/GCC/ARM_CM0/port.o
 .debug_line    0x0000000000008fc5      0x6e7 Middlewares/Third_Party/FreeRTOS/Source/portable/MemMang/heap_4.o
 .debug_line    0x00000000000096ac      0x9f6 Src/main.o
 .debug_line    0x000000000000a0a2      0x884 Src/stm32f0xx_hal_msp.o
 .debug_line    0x000000000000a926      0x945 Src/stm32f0xx_it.o
 .debug_line    0x000000000000b26b      0x838 Src/system_stm32f0xx.o
 .debug_line    0x000000000000baa3       0x85 Startup/startup_stm32f030rctx.o

.debug_str      0x0000000000000000    0x5241c
 .debug_str     0x0000000000000000    0x4e889 APP/Board/BoardInit.o
                                      0x4eb4b (size before relaxing)
 .debug_str     0x000000000004e889       0x31 APP/OS/NTS_OS_TOP.o
                                      0x4e24b (size before relaxing)
 .debug_str     0x000000000004e8ba      0x49f Drivers/STM32F0xx_HAL_Driver/Src/stm32f0xx_hal.o
                                      0x49879 (size before relaxing)
 .debug_str     0x000000000004ed59      0x1f9 Drivers/STM32F0xx_HAL_Driver/Src/stm32f0xx_hal_cortex.o
                                      0x49763 (size before relaxing)
 .debug_str     0x000000000004ef52      0x20e Drivers/STM32F0xx_HAL_Driver/Src/stm32f0xx_hal_gpio.o
                                      0x4963d (size before relaxing)
 .debug_str     0x000000000004f160      0x232 Drivers/STM32F0xx_HAL_Driver/Src/stm32f0xx_hal_rcc.o
                                      0x4977a (size before relaxing)
 .debug_str     0x000000000004f392       0xb1 Drivers/STM32F0xx_HAL_Driver/Src/stm32f0xx_hal_rcc_ex.o
                                      0x494d7 (size before relaxing)
 .debug_str     0x000000000004f443      0x56d Drivers/STM32F0xx_HAL_Driver/Src/stm32f0xx_hal_spi.o
                                      0x49ca4 (size before relaxing)
 .debug_str     0x000000000004f9b0      0x66b Drivers/STM32F0xx_HAL_Driver/Src/stm32f0xx_hal_uart.o
                                      0x49ede (size before relaxing)
 .debug_str     0x000000000005001b      0x869 Middlewares/Third_Party/FreeRTOS/Source/CMSIS_RTOS/cmsis_os.o
                                       0xc717 (size before relaxing)
 .debug_str     0x0000000000050884      0x234 Middlewares/Third_Party/FreeRTOS/Source/list.o
                                       0x9c35 (size before relaxing)
 .debug_str     0x0000000000050ab8     0x113d Middlewares/Third_Party/FreeRTOS/Source/tasks.o
                                       0xbb6e (size before relaxing)
 .debug_str     0x0000000000051bf5      0x496 Middlewares/Third_Party/FreeRTOS/Source/portable/GCC/ARM_CM0/port.o
                                       0x755f (size before relaxing)
 .debug_str     0x000000000005208b      0x25a Middlewares/Third_Party/FreeRTOS/Source/portable/MemMang/heap_4.o
                                       0xa337 (size before relaxing)
 .debug_str     0x00000000000522e5       0x3b Src/main.o
                                      0x4e33e (size before relaxing)
 .debug_str     0x0000000000052320       0x1b Src/stm32f0xx_hal_msp.o
                                      0x49be1 (size before relaxing)
 .debug_str     0x000000000005233b       0x56 Src/stm32f0xx_it.o
                                      0x4c52a (size before relaxing)
 .debug_str     0x0000000000052391       0x5a Src/system_stm32f0xx.o
                                      0x49396 (size before relaxing)
 .debug_str     0x00000000000523eb       0x31 Startup/startup_stm32f030rctx.o
                                         0x6c (size before relaxing)

.comment        0x0000000000000000       0x7b
 .comment       0x0000000000000000       0x7b APP/Board/BoardInit.o
                                         0x7c (size before relaxing)
 .comment       0x000000000000007b       0x7c APP/OS/NTS_OS_TOP.o
 .comment       0x000000000000007b       0x7c Drivers/STM32F0xx_HAL_Driver/Src/stm32f0xx_hal.o
 .comment       0x000000000000007b       0x7c Drivers/STM32F0xx_HAL_Driver/Src/stm32f0xx_hal_cortex.o
 .comment       0x000000000000007b       0x7c Drivers/STM32F0xx_HAL_Driver/Src/stm32f0xx_hal_gpio.o
 .comment       0x000000000000007b       0x7c Drivers/STM32F0xx_HAL_Driver/Src/stm32f0xx_hal_rcc.o
 .comment       0x000000000000007b       0x7c Drivers/STM32F0xx_HAL_Driver/Src/stm32f0xx_hal_rcc_ex.o
 .comment       0x000000000000007b       0x7c Drivers/STM32F0xx_HAL_Driver/Src/stm32f0xx_hal_spi.o
 .comment       0x000000000000007b       0x7c Drivers/STM32F0xx_HAL_Driver/Src/stm32f0xx_hal_uart.o
 .comment       0x000000000000007b       0x7c Middlewares/Third_Party/FreeRTOS/Source/CMSIS_RTOS/cmsis_os.o
 .comment       0x000000000000007b       0x7c Middlewares/Third_Party/FreeRTOS/Source/list.o
 .comment       0x000000000000007b       0x7c Middlewares/Third_Party/FreeRTOS/Source/tasks.o
 .comment       0x000000000000007b       0x7c Middlewares/Third_Party/FreeRTOS/Source/portable/GCC/ARM_CM0/port.o
 .comment       0x000000000000007b       0x7c Middlewares/Third_Party/FreeRTOS/Source/portable/MemMang/heap_4.o
 .comment       0x000000000000007b       0x7c Src/main.o
 .comment       0x000000000000007b       0x7c Src/stm32f0xx_hal_msp.o
 .comment       0x000000000000007b       0x7c Src/stm32f0xx_it.o
 .comment       0x000000000000007b       0x7c Src/system_stm32f0xx.o

.debug_frame    0x0000000000000000     0x28dc
 .debug_frame   0x0000000000000000       0xa4 APP/Board/BoardInit.o
 .debug_frame   0x00000000000000a4       0x30 APP/OS/NTS_OS_TOP.o
 .debug_frame   0x00000000000000d4      0x248 Drivers/STM32F0xx_HAL_Driver/Src/stm32f0xx_hal.o
 .debug_frame   0x000000000000031c      0x2a0 Drivers/STM32F0xx_HAL_Driver/Src/stm32f0xx_hal_cortex.o
 .debug_frame   0x00000000000005bc      0x110 Drivers/STM32F0xx_HAL_Driver/Src/stm32f0xx_hal_gpio.o
 .debug_frame   0x00000000000006cc      0x194 Drivers/STM32F0xx_HAL_Driver/Src/stm32f0xx_hal_rcc.o
 .debug_frame   0x0000000000000860       0x70 Drivers/STM32F0xx_HAL_Driver/Src/stm32f0xx_hal_rcc_ex.o
 .debug_frame   0x00000000000008d0      0x710 Drivers/STM32F0xx_HAL_Driver/Src/stm32f0xx_hal_spi.o
 .debug_frame   0x0000000000000fe0      0x710 Drivers/STM32F0xx_HAL_Driver/Src/stm32f0xx_hal_uart.o
 .debug_frame   0x00000000000016f0      0x6f4 Middlewares/Third_Party/FreeRTOS/Source/CMSIS_RTOS/cmsis_os.o
 .debug_frame   0x0000000000001de4       0xb0 Middlewares/Third_Party/FreeRTOS/Source/list.o
 .debug_frame   0x0000000000001e94      0x5dc Middlewares/Third_Party/FreeRTOS/Source/tasks.o
 .debug_frame   0x0000000000002470      0x170 Middlewares/Third_Party/FreeRTOS/Source/portable/GCC/ARM_CM0/port.o
 .debug_frame   0x00000000000025e0       0xe4 Middlewares/Third_Party/FreeRTOS/Source/portable/MemMang/heap_4.o
 .debug_frame   0x00000000000026c4       0x4c Src/main.o
 .debug_frame   0x0000000000002710       0xb0 Src/stm32f0xx_hal_msp.o
 .debug_frame   0x00000000000027c0       0x64 Src/stm32f0xx_it.o
 .debug_frame   0x0000000000002824       0x4c Src/system_stm32f0xx.o
 .debug_frame   0x0000000000002870       0x2c /home/faoziaziz/cubeide/plugins/com.st.stm32cube.ide.mcu.externaltools.gnu-tools-for-stm32.7-2018-q2-update.linux64_1.0.0.201904181610/tools/bin/../lib/gcc/arm-none-eabi/7.3.1/../../../../arm-none-eabi/lib/thumb/v6-m/libc_nano.a(lib_a-init.o)
 .debug_frame   0x000000000000289c       0x20 /home/faoziaziz/cubeide/plugins/com.st.stm32cube.ide.mcu.externaltools.gnu-tools-for-stm32.7-2018-q2-update.linux64_1.0.0.201904181610/tools/bin/../lib/gcc/arm-none-eabi/7.3.1/../../../../arm-none-eabi/lib/thumb/v6-m/libc_nano.a(lib_a-memset.o)
 .debug_frame   0x00000000000028bc       0x20 /home/faoziaziz/cubeide/plugins/com.st.stm32cube.ide.mcu.externaltools.gnu-tools-for-stm32.7-2018-q2-update.linux64_1.0.0.201904181610/tools/bin/../lib/gcc/arm-none-eabi/7.3.1/thumb/v6-m/libgcc.a(_udivsi3.o)
