port.c:175:14:pxPortInitialiseStack	24	static
port.c:193:13:prvTaskExitError	8	static,ignoring_inline_asm
port.c:207:6:SVC_Handler	8	static
port.c:214:6:vPortStartFirstTask	0	static,ignoring_inline_asm
port.c:244:12:xPortStartScheduler	8	static
port.c:271:6:vPortEndScheduler	8	static,ignoring_inline_asm
port.c:279:6:vPortYield	8	static,ignoring_inline_asm
port.c:291:6:vPortEnterCritical	8	static,ignoring_inline_asm
port.c:300:6:vPortExitCritical	8	static,ignoring_inline_asm
port.c:311:10:ulSetInterruptMaskFromISR	0	static,ignoring_inline_asm
port.c:324:6:vClearInterruptMaskFromISR	0	static,ignoring_inline_asm
port.c:336:6:PendSV_Handler	0	static,ignoring_inline_asm
port.c:384:6:xPortSysTickHandler	16	static
port.c:557:30:vPortSetupTimerInterrupt	8	static
